Login     Name           Tty      Idle  Login Time   Office     Office Phone
kbrazil   Kelly Brazil  *tty1      14d  Mar 22 21:14
kbrazil   Kelly Brazil   pts/0          Apr  5 15:33 (192.168.1.22)
kbrazil   Kelly Brazil   pts/1    1:00  Apr  6 09:04 (192.168.1.22)
kbrazil   Kelly Brazil   pts/0      14  Apr  5 12:30
kbrazil   Kelly Brazil   pts/0      14  Apr  5 2020
kbrazil   Kelly Brazil   pts/0      14  Apr  5 2021  (192.168.1.23)
kbrazil   Kelly Brazil   pts/1    1:00  Apr  6 09:04 (192.168.1.22)   other details
