0.00user 0.00system 0:00.00elapsed 100%CPU (0avgtext+0avgdata 2064maxresident)k
0inputs+0outputs (0major+71minor)pagefaults 0swaps

