 Volume in drive C has no label.
 Volume Serial Number is 246B-3B5A

 Directory of C:\Users\Yoda\Desktop\jc

03/25/2021  02:38 PM             4,253 docgen.sh
               1 File(s)          4,253 bytes

 Directory of C:\Users\Yoda\Desktop\jc\docs

03/25/2021  02:36 PM    <DIR>          .
03/25/2021  02:36 PM    <DIR>          ..
03/25/2021  02:38 PM    <DIR>          parsers
03/25/2021  02:36 PM             2,713 readme.md
03/25/2021  02:36 PM             1,338 utils.md
               2 File(s)          4,051 bytes

 Directory of C:\Users\Yoda\Desktop\jc

03/25/2021  02:38 PM            58,995 EXAMPLES.md
               1 File(s)         58,995 bytes
               0 Dir(s)  34,115,264,512 bytes free
