 Volume in drive C has no label.
 Volume Serial Number is 246B-3B5A

 Directory of C:\Program Files\Internet Explorer

12/07/2019  02:09 AM            54,784 hmmapi.dll
12/07/2019  02:09 AM           224,768 ielowutil.exe
12/07/2019  02:09 AM            54,784 ExtExport.exe
12/07/2019  02:09 AM           515,072 iediagcmd.exe
12/07/2019  02:09 AM           421,888 IEShims.dll
12/07/2019  02:09 AM           504,832 ieinstal.exe
12/07/2019  02:09 AM            48,536 sqmapi.dll
12/07/2019  02:14 AM    <DIR>          images
12/07/2019  02:14 AM    <DIR>          ..
12/07/2019  02:14 AM    <DIR>          SIGNUP
12/07/2019  02:14 AM    <DIR>          .
12/07/2019  02:49 AM    <DIR>          en-US
12/07/2019  02:49 AM           819,136 iexplore.exe
03/24/2021  03:15 PM                 0 file name.txt
               9 File(s)      2,643,800 bytes
               5 Dir(s)  35,231,817,728 bytes free
