 Volume in drive C has no label.
 Volume Serial Number is 246B-3B5A

 Directory of C:\Program Files\Internet Explorer

03/24/2021  03:15 PM    <DIR>          .
03/24/2021  03:15 PM    <DIR>          ..
12/07/2019  02:49 AM    <DIR>          en-US
12/07/2019  02:09 AM             54784 ExtExport.exe
03/24/2021  03:15 PM                 0 file name.txt
12/07/2019  02:09 AM             54784 hmmapi.dll
12/07/2019  02:09 AM            515072 iediagcmd.exe
12/07/2019  02:09 AM            504832 ieinstal.exe
12/07/2019  02:09 AM            224768 ielowutil.exe
12/07/2019  02:09 AM            421888 IEShims.dll
12/06/2019  02:47 PM            819136 iexplore.exe
12/07/2019  02:14 AM    <DIR>          images
12/07/2019  02:14 AM    <DIR>          SIGNUP
12/07/2019  02:09 AM             48536 sqmapi.dll
               9 File(s)        2643800 bytes
               5 Dir(s)     36206153728 bytes free
