 Volume in drive C has no label.
 Volume Serial Number is 246B-3B5A

 Directory of C:\Users\Yoda\Desktop\jc

03/25/2021  02:38 PM             4,253 docgen.sh

 Directory of C:\Users\Yoda\Desktop\jc

03/25/2021  02:36 PM             1,088 LICENSE.md

 Directory of C:\Users\Yoda\Desktop\jc

03/25/2021  02:36 PM            27,063 README.md
               3 File(s)         32,404 bytes
               0 Dir(s)  33,349,652,480 bytes free
