 Volume in drive C has no label.
 Volume Serial Number is 246B-3B5A

 Directory of C:\Users\Yoda\Desktop\jc\docs

03/25/2021  02:36 PM    <DIR>          .
03/25/2021  02:36 PM    <DIR>          ..
03/25/2021  02:38 PM    <DIR>          parsers
03/25/2021  02:36 PM             2,713 readme.md
03/25/2021  02:36 PM             1,338 utils.md
               2 File(s)          4,051 bytes

 Directory of C:\Users\Yoda\Desktop\jc\man

03/25/2021  02:36 PM    <DIR>          .
03/25/2021  02:36 PM    <DIR>          ..
03/25/2021  02:36 PM             4,300 jc.1
               1 File(s)          4,300 bytes
               2 Dir(s)  33,349,226,496 bytes free
