Login    Name                 TTY  Idle  Login  Time   Office  Phone
kbrazil  kbrazil             *con   15d  Mar 22 07:33
kbrazil  kbrazil              s00        Mar 22 07:34
kbrazil  kbrazil              s00     8  Tue    09:04
kbrazil  kbrazil              s00  1:19  Mar 22 07:34
