Login     Name       Tty      Idle  Login Time   Office     Office Phone   Host
kbrazil   kbrazil    tty1        1  Apr  6 11:12           
kbrazil   kbrazil    pts/0          Apr  6 11:14                           (kbrazil-mac.attlocal.net)
